[2025-05-18T17:35:23.615+0000] {manager.py:470} INFO - Processing files using up to 2 processes at a time 
[2025-05-18T17:35:23.617+0000] {manager.py:471} INFO - Process each file at most once every 30 seconds
[2025-05-18T17:35:23.618+0000] {manager.py:472} INFO - Checking for new files in /opt/airflow/dags every 300 seconds
[2025-05-18T17:35:23.619+0000] {manager.py:737} INFO - Searching for files in /opt/airflow/dags
[2025-05-18T17:35:23.622+0000] {manager.py:740} INFO - There are 0 files in /opt/airflow/dags
[2025-05-25T21:55:07.241+0000] {manager.py:469} INFO - Processing files using up to 1 processes at a time 
[2025-05-25T21:55:07.242+0000] {manager.py:470} INFO - Process each file at most once every 30 seconds
[2025-05-25T21:55:07.243+0000] {manager.py:471} INFO - Checking for new files in /opt/airflow/dags every 300 seconds
[2025-05-25T21:55:07.244+0000] {manager.py:738} INFO - Searching for files in /opt/airflow/dags
[2025-05-25T21:55:07.271+0000] {manager.py:741} INFO - There are 1 files in /opt/airflow/dags
[2025-05-25T21:55:10.092+0000] {manager.py:879} INFO - 
================================================================================
DAG File Processing Stats

File Path                          PID    Runtime      # DAGs    # Errors  Last Runtime    Last Run
---------------------------------  -----  ---------  --------  ----------  --------------  -------------------
/opt/airflow/dags/pipeline_dag.py                           1           0  2.71s           2025-05-25T21:55:10
================================================================================
[2025-05-25T21:55:41.091+0000] {manager.py:879} INFO - 
================================================================================
DAG File Processing Stats

File Path                          PID    Runtime      # DAGs    # Errors  Last Runtime    Last Run
---------------------------------  -----  ---------  --------  ----------  --------------  -------------------
/opt/airflow/dags/pipeline_dag.py                           1           0  0.81s           2025-05-25T21:55:41
================================================================================
[2025-05-25T21:56:12.893+0000] {manager.py:879} INFO - 
================================================================================
DAG File Processing Stats

File Path                          PID    Runtime      # DAGs    # Errors  Last Runtime    Last Run
---------------------------------  -----  ---------  --------  ----------  --------------  -------------------
/opt/airflow/dags/pipeline_dag.py                           1           0  0.81s           2025-05-25T21:56:12
================================================================================
[2025-05-25T21:56:44.623+0000] {manager.py:879} INFO - 
================================================================================
DAG File Processing Stats

File Path                          PID    Runtime      # DAGs    # Errors  Last Runtime    Last Run
---------------------------------  -----  ---------  --------  ----------  --------------  -------------------
/opt/airflow/dags/pipeline_dag.py                           1           0  0.81s           2025-05-25T21:56:44
================================================================================
[2025-05-25T21:57:15.604+0000] {manager.py:879} INFO - 
================================================================================
DAG File Processing Stats

File Path                          PID    Runtime      # DAGs    # Errors  Last Runtime    Last Run
---------------------------------  -----  ---------  --------  ----------  --------------  -------------------
/opt/airflow/dags/pipeline_dag.py                           1           0  0.81s           2025-05-25T21:57:15
================================================================================
[2025-05-25T21:57:46.525+0000] {manager.py:879} INFO - 
================================================================================
DAG File Processing Stats

File Path                          PID    Runtime      # DAGs    # Errors  Last Runtime    Last Run
---------------------------------  -----  ---------  --------  ----------  --------------  -------------------
/opt/airflow/dags/pipeline_dag.py                           1           0  0.81s           2025-05-25T21:57:46
================================================================================
[2025-05-25T21:58:17.185+0000] {manager.py:879} INFO - 
================================================================================
DAG File Processing Stats

File Path                          PID    Runtime      # DAGs    # Errors  Last Runtime    Last Run
---------------------------------  -----  ---------  --------  ----------  --------------  -------------------
/opt/airflow/dags/pipeline_dag.py                           1           0  0.61s           2025-05-25T21:58:17
================================================================================
[2025-05-25T21:58:47.933+0000] {manager.py:879} INFO - 
================================================================================
DAG File Processing Stats

File Path                          PID    Runtime      # DAGs    # Errors  Last Runtime    Last Run
---------------------------------  -----  ---------  --------  ----------  --------------  -------------------
/opt/airflow/dags/pipeline_dag.py                           1           0  0.70s           2025-05-25T21:58:47
================================================================================
[2025-05-25T21:59:19.515+0000] {manager.py:879} INFO - 
================================================================================
DAG File Processing Stats

File Path                          PID    Runtime      # DAGs    # Errors  Last Runtime    Last Run
---------------------------------  -----  ---------  --------  ----------  --------------  -------------------
/opt/airflow/dags/pipeline_dag.py                           1           0  0.81s           2025-05-25T21:59:19
================================================================================
[2025-05-25T21:59:50.795+0000] {manager.py:879} INFO - 
================================================================================
DAG File Processing Stats

File Path                          PID    Runtime      # DAGs    # Errors  Last Runtime    Last Run
---------------------------------  -----  ---------  --------  ----------  --------------  -------------------
/opt/airflow/dags/pipeline_dag.py                           1           0  0.81s           2025-05-25T21:59:50
================================================================================
[2025-05-25T22:00:07.246+0000] {manager.py:738} INFO - Searching for files in /opt/airflow/dags
[2025-05-25T22:00:07.262+0000] {manager.py:741} INFO - There are 1 files in /opt/airflow/dags
[2025-05-25T22:00:21.914+0000] {manager.py:879} INFO - 
================================================================================
DAG File Processing Stats

File Path                          PID    Runtime      # DAGs    # Errors  Last Runtime    Last Run
---------------------------------  -----  ---------  --------  ----------  --------------  -------------------
/opt/airflow/dags/pipeline_dag.py                           1           0  0.81s           2025-05-25T22:00:21
================================================================================
[2025-05-25T22:00:52.767+0000] {manager.py:879} INFO - 
================================================================================
DAG File Processing Stats

File Path                          PID    Runtime      # DAGs    # Errors  Last Runtime    Last Run
---------------------------------  -----  ---------  --------  ----------  --------------  -------------------
/opt/airflow/dags/pipeline_dag.py                           1           0  0.81s           2025-05-25T22:00:52
================================================================================
[2025-05-25T22:01:29.811+0000] {manager.py:879} INFO - 
================================================================================
DAG File Processing Stats

File Path                          PID    Runtime      # DAGs    # Errors  Last Runtime    Last Run
---------------------------------  -----  ---------  --------  ----------  --------------  -------------------
/opt/airflow/dags/pipeline_dag.py                           1           0  1.11s           2025-05-25T22:01:29
================================================================================
[2025-05-25T22:02:00.804+0000] {manager.py:879} INFO - 
================================================================================
DAG File Processing Stats

File Path                          PID    Runtime      # DAGs    # Errors  Last Runtime    Last Run
---------------------------------  -----  ---------  --------  ----------  --------------  -------------------
/opt/airflow/dags/pipeline_dag.py                           1           0  0.81s           2025-05-25T22:02:00
================================================================================
[2025-05-25T22:02:31.896+0000] {manager.py:879} INFO - 
================================================================================
DAG File Processing Stats

File Path                          PID    Runtime      # DAGs    # Errors  Last Runtime    Last Run
---------------------------------  -----  ---------  --------  ----------  --------------  -------------------
/opt/airflow/dags/pipeline_dag.py                           1           0  0.71s           2025-05-25T22:02:31
================================================================================
[2025-05-25T22:03:03.151+0000] {manager.py:879} INFO - 
================================================================================
DAG File Processing Stats

File Path                          PID    Runtime      # DAGs    # Errors  Last Runtime    Last Run
---------------------------------  -----  ---------  --------  ----------  --------------  -------------------
/opt/airflow/dags/pipeline_dag.py                           1           0  0.61s           2025-05-25T22:03:03
================================================================================
[2025-05-25T22:03:34.614+0000] {manager.py:879} INFO - 
================================================================================
DAG File Processing Stats

File Path                          PID    Runtime      # DAGs    # Errors  Last Runtime    Last Run
---------------------------------  -----  ---------  --------  ----------  --------------  -------------------
/opt/airflow/dags/pipeline_dag.py                           1           0  0.71s           2025-05-25T22:03:34
================================================================================
[2025-05-25T22:04:06.049+0000] {manager.py:879} INFO - 
================================================================================
DAG File Processing Stats

File Path                          PID    Runtime      # DAGs    # Errors  Last Runtime    Last Run
---------------------------------  -----  ---------  --------  ----------  --------------  -------------------
/opt/airflow/dags/pipeline_dag.py                           1           0  0.71s           2025-05-25T22:04:06
================================================================================
[2025-05-25T22:04:37.024+0000] {manager.py:879} INFO - 
================================================================================
DAG File Processing Stats

File Path                          PID    Runtime      # DAGs    # Errors  Last Runtime    Last Run
---------------------------------  -----  ---------  --------  ----------  --------------  -------------------
/opt/airflow/dags/pipeline_dag.py                           1           0  0.81s           2025-05-25T22:04:37
================================================================================
[2025-05-25T22:05:07.383+0000] {manager.py:738} INFO - Searching for files in /opt/airflow/dags
[2025-05-25T22:05:07.401+0000] {manager.py:741} INFO - There are 1 files in /opt/airflow/dags
[2025-05-25T22:05:08.258+0000] {manager.py:879} INFO - 
================================================================================
DAG File Processing Stats

File Path                          PID    Runtime      # DAGs    # Errors  Last Runtime    Last Run
---------------------------------  -----  ---------  --------  ----------  --------------  -------------------
/opt/airflow/dags/pipeline_dag.py                           1           0  0.81s           2025-05-25T22:05:08
================================================================================
[2025-05-25T22:05:39.209+0000] {manager.py:879} INFO - 
================================================================================
DAG File Processing Stats

File Path                          PID    Runtime      # DAGs    # Errors  Last Runtime    Last Run
---------------------------------  -----  ---------  --------  ----------  --------------  -------------------
/opt/airflow/dags/pipeline_dag.py                           1           0  0.81s           2025-05-25T22:05:39
================================================================================
[2025-05-25T22:06:10.321+0000] {manager.py:879} INFO - 
================================================================================
DAG File Processing Stats

File Path                          PID    Runtime      # DAGs    # Errors  Last Runtime    Last Run
---------------------------------  -----  ---------  --------  ----------  --------------  -------------------
/opt/airflow/dags/pipeline_dag.py                           1           0  0.81s           2025-05-25T22:06:10
================================================================================
[2025-05-25T22:06:41.804+0000] {manager.py:879} INFO - 
================================================================================
DAG File Processing Stats

File Path                          PID    Runtime      # DAGs    # Errors  Last Runtime    Last Run
---------------------------------  -----  ---------  --------  ----------  --------------  -------------------
/opt/airflow/dags/pipeline_dag.py                           1           0  0.71s           2025-05-25T22:06:41
================================================================================
[2025-05-25T22:07:12.729+0000] {manager.py:879} INFO - 
================================================================================
DAG File Processing Stats

File Path                          PID    Runtime      # DAGs    # Errors  Last Runtime    Last Run
---------------------------------  -----  ---------  --------  ----------  --------------  -------------------
/opt/airflow/dags/pipeline_dag.py                           1           0  0.61s           2025-05-25T22:07:12
================================================================================
[2025-05-25T22:07:43.617+0000] {manager.py:879} INFO - 
================================================================================
DAG File Processing Stats

File Path                          PID    Runtime      # DAGs    # Errors  Last Runtime    Last Run
---------------------------------  -----  ---------  --------  ----------  --------------  -------------------
/opt/airflow/dags/pipeline_dag.py                           1           0  0.60s           2025-05-25T22:07:43
================================================================================
[2025-05-25T22:08:14.715+0000] {manager.py:879} INFO - 
================================================================================
DAG File Processing Stats

File Path                          PID    Runtime      # DAGs    # Errors  Last Runtime    Last Run
---------------------------------  -----  ---------  --------  ----------  --------------  -------------------
/opt/airflow/dags/pipeline_dag.py                           1           0  0.81s           2025-05-25T22:08:14
================================================================================
[2025-05-25T22:08:45.720+0000] {manager.py:879} INFO - 
================================================================================
DAG File Processing Stats

File Path                          PID    Runtime      # DAGs    # Errors  Last Runtime    Last Run
---------------------------------  -----  ---------  --------  ----------  --------------  -------------------
/opt/airflow/dags/pipeline_dag.py                           1           0  0.71s           2025-05-25T22:08:45
================================================================================
[2025-05-25T22:09:16.529+0000] {manager.py:879} INFO - 
================================================================================
DAG File Processing Stats

File Path                          PID    Runtime      # DAGs    # Errors  Last Runtime    Last Run
---------------------------------  -----  ---------  --------  ----------  --------------  -------------------
/opt/airflow/dags/pipeline_dag.py                           1           0  0.81s           2025-05-25T22:09:16
================================================================================
[2025-05-25T22:09:47.456+0000] {manager.py:879} INFO - 
================================================================================
DAG File Processing Stats

File Path                          PID    Runtime      # DAGs    # Errors  Last Runtime    Last Run
---------------------------------  -----  ---------  --------  ----------  --------------  -------------------
/opt/airflow/dags/pipeline_dag.py                           1           0  0.71s           2025-05-25T22:09:47
================================================================================
[2025-05-25T22:10:07.675+0000] {manager.py:738} INFO - Searching for files in /opt/airflow/dags
[2025-05-25T22:10:07.692+0000] {manager.py:741} INFO - There are 1 files in /opt/airflow/dags
[2025-05-25T22:10:18.479+0000] {manager.py:879} INFO - 
================================================================================
DAG File Processing Stats

File Path                          PID    Runtime      # DAGs    # Errors  Last Runtime    Last Run
---------------------------------  -----  ---------  --------  ----------  --------------  -------------------
/opt/airflow/dags/pipeline_dag.py                           1           0  0.81s           2025-05-25T22:10:18
================================================================================
[2025-05-25T22:10:49.512+0000] {manager.py:879} INFO - 
================================================================================
DAG File Processing Stats

File Path                          PID    Runtime      # DAGs    # Errors  Last Runtime    Last Run
---------------------------------  -----  ---------  --------  ----------  --------------  -------------------
/opt/airflow/dags/pipeline_dag.py                           1           0  0.81s           2025-05-25T22:10:49
================================================================================
[2025-05-25T22:11:20.231+0000] {manager.py:879} INFO - 
================================================================================
DAG File Processing Stats

File Path                          PID    Runtime      # DAGs    # Errors  Last Runtime    Last Run
---------------------------------  -----  ---------  --------  ----------  --------------  -------------------
/opt/airflow/dags/pipeline_dag.py                           1           0  0.71s           2025-05-25T22:11:20
================================================================================
[2025-05-25T22:11:50.976+0000] {manager.py:879} INFO - 
================================================================================
DAG File Processing Stats

File Path                          PID    Runtime      # DAGs    # Errors  Last Runtime    Last Run
---------------------------------  -----  ---------  --------  ----------  --------------  -------------------
/opt/airflow/dags/pipeline_dag.py                           1           0  0.71s           2025-05-25T22:11:50
================================================================================
[2025-05-25T22:12:21.926+0000] {manager.py:879} INFO - 
================================================================================
DAG File Processing Stats

File Path                          PID    Runtime      # DAGs    # Errors  Last Runtime    Last Run
---------------------------------  -----  ---------  --------  ----------  --------------  -------------------
/opt/airflow/dags/pipeline_dag.py                           1           0  0.91s           2025-05-25T22:12:21
================================================================================
[2025-05-25T22:12:52.663+0000] {manager.py:879} INFO - 
================================================================================
DAG File Processing Stats

File Path                          PID    Runtime      # DAGs    # Errors  Last Runtime    Last Run
---------------------------------  -----  ---------  --------  ----------  --------------  -------------------
/opt/airflow/dags/pipeline_dag.py                           1           0  0.71s           2025-05-25T22:12:52
================================================================================
[2025-05-25T22:13:23.582+0000] {manager.py:879} INFO - 
================================================================================
DAG File Processing Stats

File Path                          PID    Runtime      # DAGs    # Errors  Last Runtime    Last Run
---------------------------------  -----  ---------  --------  ----------  --------------  -------------------
/opt/airflow/dags/pipeline_dag.py                           1           0  0.71s           2025-05-25T22:13:23
================================================================================
[2025-05-25T22:13:54.588+0000] {manager.py:879} INFO - 
================================================================================
DAG File Processing Stats

File Path                          PID    Runtime      # DAGs    # Errors  Last Runtime    Last Run
---------------------------------  -----  ---------  --------  ----------  --------------  -------------------
/opt/airflow/dags/pipeline_dag.py                           1           0  0.81s           2025-05-25T22:13:54
================================================================================
[2025-05-25T22:14:25.612+0000] {manager.py:879} INFO - 
================================================================================
DAG File Processing Stats

File Path                          PID    Runtime      # DAGs    # Errors  Last Runtime    Last Run
---------------------------------  -----  ---------  --------  ----------  --------------  -------------------
/opt/airflow/dags/pipeline_dag.py                           1           0  0.81s           2025-05-25T22:14:25
================================================================================
[2025-05-25T22:14:56.402+0000] {manager.py:879} INFO - 
================================================================================
DAG File Processing Stats

File Path                          PID    Runtime      # DAGs    # Errors  Last Runtime    Last Run
---------------------------------  -----  ---------  --------  ----------  --------------  -------------------
/opt/airflow/dags/pipeline_dag.py                           1           0  0.71s           2025-05-25T22:14:56
================================================================================
[2025-05-25T22:15:07.807+0000] {manager.py:738} INFO - Searching for files in /opt/airflow/dags
[2025-05-25T22:15:07.824+0000] {manager.py:741} INFO - There are 1 files in /opt/airflow/dags
[2025-05-25T22:15:27.123+0000] {manager.py:879} INFO - 
================================================================================
DAG File Processing Stats

File Path                          PID    Runtime      # DAGs    # Errors  Last Runtime    Last Run
---------------------------------  -----  ---------  --------  ----------  --------------  -------------------
/opt/airflow/dags/pipeline_dag.py                           1           0  0.71s           2025-05-25T22:15:27
================================================================================
